../Core/Src/main.c:87:6:calculateMessage	24	static
../Core/Src/main.c:107:6:checkCRCMessage	32	static
../Core/Src/main.c:126:6:isAdresCorrect	16	static
../Core/Src/main.c:131:6:HAL_UART_RxCpltCallback	24	static
../Core/Src/main.c:149:10:ADCtoStroom	24	static
../Core/Src/main.c:156:6:sendDAC	16	static
../Core/Src/main.c:161:10:ADC_Channel_Samples	48	static
../Core/Src/main.c:196:5:main	80	static
../Core/Src/main.c:298:6:SystemClock_Config	88	static
../Core/Src/main.c:339:13:MX_ADC1_Init	24	static
../Core/Src/main.c:398:13:MX_CRC_Init	8	static
../Core/Src/main.c:431:13:MX_I2C1_Init	8	static
../Core/Src/main.c:479:13:MX_USART1_UART_Init	8	static
../Core/Src/main.c:525:13:MX_DMA_Init	16	static
../Core/Src/main.c:543:13:MX_GPIO_Init	48	static
../Core/Src/main.c:597:6:StartUartRegeling	40	static
../Core/Src/main.c:644:6:StartStroomregeling	64	static
../Core/Src/main.c:697:6:HAL_TIM_PeriodElapsedCallback	16	static
../Core/Src/main.c:715:6:Error_Handler	8	static,ignoring_inline_asm
