../Core/Src/main.c:88:6:calculateMessage	24	static
../Core/Src/main.c:108:6:checkCRCMessage	32	static
../Core/Src/main.c:127:6:isAdresCorrect	16	static
../Core/Src/main.c:132:6:HAL_UART_RxCpltCallback	24	static
../Core/Src/main.c:150:9:ADCtoStroom	32	static
../Core/Src/main.c:160:6:sendDAC	32	static
../Core/Src/main.c:176:10:ADCChannelSamples	48	static
../Core/Src/main.c:204:6:I2C_Scanner	24	static
../Core/Src/main.c:225:9:I2C_TestAddress	32	static
../Core/Src/main.c:245:6:UART_SendADC	32	static
../Core/Src/main.c:259:10:UART_ReceiveADC	16	static
../Core/Src/main.c:278:21:clampf	24	static
../Core/Src/main.c:291:5:main	80	static
../Core/Src/main.c:393:6:SystemClock_Config	88	static
../Core/Src/main.c:434:13:MX_ADC1_Init	24	static
../Core/Src/main.c:493:13:MX_CRC_Init	8	static
../Core/Src/main.c:526:13:MX_I2C1_Init	8	static
../Core/Src/main.c:574:13:MX_USART1_UART_Init	8	static
../Core/Src/main.c:620:13:MX_DMA_Init	16	static
../Core/Src/main.c:638:13:MX_GPIO_Init	48	static
../Core/Src/main.c:692:6:StartUartRegeling	16	static
../Core/Src/main.c:742:6:StartStroomregeling	72	static
../Core/Src/main.c:812:6:HAL_TIM_PeriodElapsedCallback	16	static
../Core/Src/main.c:830:6:Error_Handler	8	static,ignoring_inline_asm
